[    0.000000] Initializing cgroup subsys cpuset
[    0.000000] Initializing cgroup subsys cpu
[    0.000000] Linux version 3.2.0-80-virtual (buildd@batsu) (gcc version 4.6.3 (Ubuntu/Linaro 4.6.3-1ubuntu5) ) #116-Ubuntu SMP Mon Mar 23 17:28:52 UTC 2015 (Ubuntu 3.2.0-80.116-virtual 3.2.68)
[    0.000000] Command line: LABEL=cirros-rootfs ro console=tty1 console=ttyS0
[    0.000000] KERNEL supported cpus:
[    0.000000]   Intel GenuineIntel
[    0.000000]   AMD AuthenticAMD
[    0.000000]   Centaur CentaurHauls
[    0.000000] BIOS-provided physical RAM map:
[    0.000000]  BIOS-e820: 0000000000000000 - 000000000009fc00 (usable)
[    0.000000]  BIOS-e820: 000000000009fc00 - 00000000000a0000 (reserved)
[    0.000000]  BIOS-e820: 00000000000f0000 - 0000000000100000 (reserved)
[    0.000000]  BIOS-e820: 0000000000100000 - 000000001ffe0000 (usable)
[    0.000000]  BIOS-e820: 000000001ffe0000 - 0000000020000000 (reserved)
[    0.000000]  BIOS-e820: 00000000feffc000 - 00000000ff000000 (reserved)
[    0.000000]  BIOS-e820: 00000000fffc0000 - 0000000100000000 (reserved)
[    0.000000] NX (Execute Disable) protection: active
[    0.000000] SMBIOS 2.8 present.
[    0.000000] No AGP bridge found
[    0.000000] last_pfn = 0x1ffe0 max_arch_pfn = 0x400000000
[    0.000000] PAT not supported by CPU.
[    0.000000] found SMP MP-table at [ffff8800000f2050] f2050
[    0.000000] init_memory_mapping: 0000000000000000-000000001ffe0000
[    0.000000] RAMDISK: 1fc72000 - 1ffd0000
[    0.000000] ACPI: RSDP 00000000000f1e20 00014 (v00 BOCHS )
[    0.000000] ACPI: RSDT 000000001ffe169c 00030 (v01 BOCHS  BXPCRSDT 00000001 BXPC 00000001)
[    0.000000] ACPI: FACP 000000001ffe0c14 00074 (v01 BOCHS  BXPCFACP 00000001 BXPC 00000001)
[    0.000000] ACPI: DSDT 000000001ffe0040 00BD4 (v01 BOCHS  BXPCDSDT 00000001 BXPC 00000001)
[    0.000000] ACPI: FACS 000000001ffe0000 00040
[    0.000000] ACPI: SSDT 000000001ffe0c88 0099C (v01 BOCHS  BXPCSSDT 00000001 BXPC 00000001)
[    0.000000] ACPI: APIC 000000001ffe1624 00078 (v01 BOCHS  BXPCAPIC 00000001 BXPC 00000001)
[    0.000000] No NUMA configuration found
[    0.000000] Faking a node at 0000000000000000-000000001ffe0000
[    0.000000] Initmem setup node 0 0000000000000000-000000001ffe0000
[    0.000000]   NODE_DATA [000000001ffd8000 - 000000001ffdcfff]
[    0.000000] kvm-clock: Using msrs 4b564d01 and 4b564d00
[    0.000000] kvm-clock: cpu 0, msr 0:1cf76c1, boot clock
[    0.000000] Zone PFN ranges:
[    0.000000]   DMA      0x00000010 -> 0x00001000
[    0.000000]   DMA32    0x00001000 -> 0x00100000
[    0.000000]   Normal   empty
[    0.000000] Movable zone start PFN for each node
[    0.000000] early_node_map[2] active PFN ranges
[    0.000000]     0: 0x00000010 -> 0x0000009f
[    0.000000]     0: 0x00000100 -> 0x0001ffe0
[    0.000000] ACPI: PM-Timer IO Port: 0x608
[    0.000000] ACPI: LAPIC (acpi_id[0x00] lapic_id[0x00] enabled)
[    0.000000] ACPI: LAPIC_NMI (acpi_id[0xff] dfl dfl lint[0x1])
[    0.000000] ACPI: IOAPIC (id[0x00] address[0xfec00000] gsi_base[0])
[    0.000000] IOAPIC[0]: apic_id 0, version 17, address 0xfec00000, GSI 0-23
[    0.000000] ACPI: INT_SRC_OVR (bus 0 bus_irq 0 global_irq 2 dfl dfl)
[    0.000000] ACPI: INT_SRC_OVR (bus 0 bus_irq 5 global_irq 5 high level)
[    0.000000] ACPI: INT_SRC_OVR (bus 0 bus_irq 9 global_irq 9 high level)
[    0.000000] ACPI: INT_SRC_OVR (bus 0 bus_irq 10 global_irq 10 high level)
[    0.000000] ACPI: INT_SRC_OVR (bus 0 bus_irq 11 global_irq 11 high level)
[    0.000000] Using ACPI (MADT) for SMP configuration information
[    0.000000] SMP: Allowing 1 CPUs, 0 hotplug CPUs
[    0.000000] PM: Registered nosave memory: 000000000009f000 - 00000000000a0000
[    0.000000] PM: Registered nosave memory: 00000000000a0000 - 00000000000f0000
[    0.000000] PM: Registered nosave memory: 00000000000f0000 - 0000000000100000
[    0.000000] Allocating PCI resources starting at 20000000 (gap: 20000000:deffc000)
[    0.000000] Booting paravirtualized kernel on KVM
[    0.000000] setup_percpu: NR_CPUS:64 nr_cpumask_bits:64 nr_cpu_ids:1 nr_node_ids:1
[    0.000000] PERCPU: Embedded 27 pages/cpu @ffff88001fa00000 s78848 r8192 d23552 u2097152
[    0.000000] kvm-clock: cpu 0, msr 0:1fa126c1, primary cpu clock
[    0.000000] KVM setup async PF for cpu 0
[    0.000000] kvm-stealtime: cpu 0, msr 1fa0cd40
[    0.000000] Built 1 zonelists in Node order, mobility grouping on.  Total pages: 128874
[    0.000000] Policy zone: DMA32
[    0.000000] Kernel command line: LABEL=cirros-rootfs ro console=tty1 console=ttyS0
[    0.000000] PID hash table entries: 2048 (order: 2, 16384 bytes)
[    0.000000] Checking aperture...
[    0.000000] No AGP bridge found
[    0.000000] Memory: 496176k/524160k available (6576k kernel code, 452k absent, 27532k reserved, 6620k data, 928k init)
[    0.000000] SLUB: Genslabs=15, HWalign=64, Order=0-3, MinObjects=0, CPUs=1, Nodes=1
[    0.000000] Hierarchical RCU implementation.
[    0.000000] 	RCU dyntick-idle grace-period acceleration is enabled.
[    0.000000] NR_IRQS:4352 nr_irqs:256 16
[    0.000000] Console: colour VGA+ 80x25
[    0.000000] console [tty1] enabled
[    0.000000] console [ttyS0] enabled
[    0.000000] allocated 4194304 bytes of page_cgroup
[    0.000000] please try 'cgroup_disable=memory' option if you don't want memory cgroups
[    0.000000] Detected 2893.406 MHz processor.
[    0.012000] Calibrating delay loop (skipped) preset value.. 5786.81 BogoMIPS (lpj=11573624)
[    0.016024] pid_max: default: 32768 minimum: 301
[    0.020048] Security Framework initialized
[    0.024035] AppArmor: AppArmor initialized
[    0.028025] Yama: becoming mindful.
[    0.032116] Dentry cache hash table entries: 65536 (order: 7, 524288 bytes)
[    0.040061] Inode-cache hash table entries: 32768 (order: 6, 262144 bytes)
[    0.044071] Mount-cache hash table entries: 256
[    0.048123] Initializing cgroup subsys cpuacct
[    0.052038] Initializing cgroup subsys memory
[    0.056033] Initializing cgroup subsys devices
[    0.060026] Initializing cgroup subsys freezer
[    0.064026] Initializing cgroup subsys blkio
[    0.068032] Initializing cgroup subsys perf_event
[    0.073050] mce: CPU supports 10 MCE banks
[    0.078210] SMP alternatives: switching to UP code
[    0.286427] Freeing SMP alternatives: 24k freed
[    0.288051] ACPI: Core revision 20110623
[    0.292849] ftrace: allocating 26610 entries in 105 pages
[    0.305248] Enabling x2apic
[    0.308018] Enabled x2apic
[    0.308042] Switched APIC routing to physical x2apic.
[    0.324019] ..TIMER: vector=0x30 apic1=0 pin1=2 apic2=-1 pin2=-1
[    0.324024] CPU0: Intel QEMU Virtual CPU version 2.3.0 stepping 03
[    0.340020] APIC calibration not consistent with PM-Timer: 114ms instead of 100ms
[    0.340020] APIC delta adjusted to PM-Timer: 6249571 (7154112)
[    0.340208] Performance Events: Broken PMU hardware detected, using software events only.
[    0.348138] NMI watchdog disabled (cpu0): hardware events not enabled
[    0.352040] Brought up 1 CPUs
[    0.356025] Total of 1 processors activated (5786.81 BogoMIPS).
[    0.362722] devtmpfs: initialized
[    0.364445] EVM: security.selinux
[    0.368029] EVM: security.SMACK64
[    0.372074] EVM: security.capability
[    0.376724] print_constraints: dummy: 
[    0.380536] RTC time:  5:05:17, date: 04/11/16
[    0.384080] NET: Registered protocol family 16
[    0.388203] ACPI: bus type pci registered
[    0.392558] PCI: Using configuration type 1 for base access
[    0.396633] bio: create slab <bio-0> at 0
[    0.401594] ACPI: Added _OSI(Module Device)
[    0.404035] ACPI: Added _OSI(Processor Device)
[    0.408034] ACPI: Added _OSI(3.0 _SCP Extensions)
[    0.412036] ACPI: Added _OSI(Processor Aggregator Device)
[    0.420553] ACPI: Interpreter enabled
[    0.424029] ACPI: (supports S0 S5)
[    0.434802] ACPI: Using IOAPIC for interrupt routing
[    0.442302] ACPI: No dock devices found.
[    0.444029] HEST: Table not found.
[    0.448031] PCI: Using host bridge windows from ACPI; if necessary, use "pci=nocrs" and report a bug
[    0.452046] ACPI: PCI Root Bridge [PCI0] (domain 0000 [bus 00-ff])
[    0.456069] pci_root PNP0A03:00: host bridge window [io  0x0000-0x0cf7]
[    0.460031] pci_root PNP0A03:00: host bridge window [io  0x0d00-0xffff]
[    0.464031] pci_root PNP0A03:00: host bridge window [mem 0x000a0000-0x000bffff]
[    0.468036] pci_root PNP0A03:00: host bridge window [mem 0x20000000-0xfebfffff]
[    0.504094] pci 0000:00:01.3: quirk: [io  0x0600-0x063f] claimed by PIIX4 ACPI
[    0.508099] pci 0000:00:01.3: quirk: [io  0x0700-0x070f] claimed by PIIX4 SMB
[    0.609192]  pci0000:00: Unable to request _OSC control (_OSC support mask: 0x1e)
[    0.613744] ACPI: PCI Interrupt Link [LNKA] (IRQs 5 *10 11)
[    0.622939] ACPI: PCI Interrupt Link [LNKB] (IRQs 5 *10 11)
[    0.630900] ACPI: PCI Interrupt Link [LNKC] (IRQs 5 10 *11)
[    0.638952] ACPI: PCI Interrupt Link [LNKD] (IRQs 5 10 *11)
[    0.646863] ACPI: PCI Interrupt Link [LNKS] (IRQs *9)
[    0.652304] vgaarb: device added: PCI:0000:00:02.0,decodes=io+mem,owns=io+mem,locks=none
[    0.656045] vgaarb: loaded
[    0.660043] vgaarb: bridge control possible 0000:00:02.0
[    0.664148] i2c-core: driver [aat2870] using legacy suspend method
[    0.668043] i2c-core: driver [aat2870] using legacy resume method
[    0.672101] SCSI subsystem initialized
[    0.676146] usbcore: registered new interface driver usbfs
[    0.680055] usbcore: registered new interface driver hub
[    0.684071] usbcore: registered new device driver usb
[    0.688113] PCI: Using ACPI for IRQ routing
[    0.693282] NetLabel: Initializing
[    0.696046] NetLabel:  domain hash size = 128
[    0.700045] NetLabel:  protocols = UNLABELED CIPSOv4
[    0.704061] NetLabel:  unlabeled traffic allowed by default
[    0.708106] Switching to clocksource kvm-clock
[    0.717152] AppArmor: AppArmor Filesystem Enabled
[    0.724571] pnp: PnP ACPI init
[    0.730257] ACPI: bus type pnp registered
[    0.738694] pnp: PnP ACPI: found 10 devices
[    0.745472] ACPI: ACPI bus type pnp unregistered
[    0.758950] NET: Registered protocol family 2
[    0.767291] IP route cache hash table entries: 4096 (order: 3, 32768 bytes)
[    0.777288] TCP established hash table entries: 16384 (order: 6, 262144 bytes)
[    0.794295] TCP bind hash table entries: 16384 (order: 6, 262144 bytes)
[    0.807577] TCP: Hash tables configured (established 16384 bind 16384)
[    0.819640] TCP reno registered
[    0.826805] UDP hash table entries: 256 (order: 1, 8192 bytes)
[    0.839444] UDP-Lite hash table entries: 256 (order: 1, 8192 bytes)
[    0.852280] NET: Registered protocol family 1
[    0.862518] pci 0000:00:00.0: Limiting direct PCI/PCI transfers
[    0.872524] pci 0000:00:01.0: PIIX3: Enabling Passive Release
[    0.883384] pci 0000:00:01.0: Activating ISA DMA hang workarounds
[    0.892913] ACPI: PCI Interrupt Link [LNKD] enabled at IRQ 11
[    0.901748] pci 0000:00:01.2: PCI INT D -> Link[LNKD] -> GSI 11 (level, high) -> IRQ 11
[    0.915561] pci 0000:00:01.2: PCI INT D disabled
[    0.924157] audit: initializing netlink socket (disabled)
[    0.932719] type=2000 audit(1460351116.932:1): initialized
[    0.957170] Trying to unpack rootfs image as initramfs...
[    0.992548] HugeTLB registered 2 MB page size, pre-allocated 0 pages
[    1.013129] VFS: Disk quotas dquot_6.5.2
[    1.020106] Dquot-cache hash table entries: 512 (order 0, 4096 bytes)
[    1.044160] fuse init (API version 7.17)
[    1.052141] Freeing initrd memory: 3448k freed
[    1.059637] msgmni has been set to 975
[    1.066476] Block layer SCSI generic (bsg) driver version 0.4 loaded (major 253)
[    1.078540] io scheduler noop registered
[    1.085179] io scheduler deadline registered (default)
[    1.093018] io scheduler cfq registered
[    1.099647] pci_hotplug: PCI Hot Plug PCI Core version: 0.5
[    1.107760] pciehp: PCI Express Hot Plug Controller Driver version: 0.4
[    1.117122] input: Power Button as /devices/LNXSYSTM:00/LNXPWRBN:00/input/input0
[    1.128832] ACPI: Power Button [PWRF]
[    1.136436] ERST: Table is not found!
[    1.142813] GHES: HEST is not enabled!
[    1.149997] ACPI: PCI Interrupt Link [LNKC] enabled at IRQ 10
[    1.158343] virtio-pci 0000:00:03.0: PCI INT A -> Link[LNKC] -> GSI 10 (level, high) -> IRQ 10
[    1.173077] virtio-pci 0000:00:04.0: PCI INT A -> Link[LNKD] -> GSI 11 (level, high) -> IRQ 11
[    1.187555] ACPI: PCI Interrupt Link [LNKA] enabled at IRQ 10
[    1.196046] virtio-pci 0000:00:05.0: PCI INT A -> Link[LNKA] -> GSI 10 (level, high) -> IRQ 10
[    1.210640] Serial: 8250/16550 driver, 32 ports, IRQ sharing enabled
[    1.250994] serial8250: ttyS0 at I/O 0x3f8 (irq = 4) is a 16550A
[    1.290074] serial8250: ttyS1 at I/O 0x2f8 (irq = 3) is a 16550A
[    1.336497] 00:05: ttyS0 at I/O 0x3f8 (irq = 4) is a 16550A
[    1.378667] 00:06: ttyS1 at I/O 0x2f8 (irq = 3) is a 16550A
[    1.387152] Linux agpgart interface v0.103
[    1.397555] brd: module loaded
[    1.403995] loop: module loaded
[    1.414009]  vda: vda1
[    1.421716] scsi0 : ata_piix
[    1.427294] scsi1 : ata_piix
[    1.433315] ata1: PATA max MWDMA2 cmd 0x1f0 ctl 0x3f6 bmdma 0xc0a0 irq 14
[    1.442627] ata2: PATA max MWDMA2 cmd 0x170 ctl 0x376 bmdma 0xc0a8 irq 15
[    1.451914] Fixed MDIO Bus: probed
[    1.457656] tun: Universal TUN/TAP device driver, 1.6
[    1.465040] tun: (C) 1999-2004 Max Krasnyansky <maxk@qualcomm.com>
[    1.480628] PPP generic driver version 2.4.2
[    1.487380] ehci_hcd: USB 2.0 'Enhanced' Host Controller (EHCI) Driver
[    1.496213] ohci_hcd: USB 1.1 'Open' Host Controller (OHCI) Driver
[    1.504626] uhci_hcd: USB Universal Host Controller Interface driver
[    1.513462] uhci_hcd 0000:00:01.2: PCI INT D -> Link[LNKD] -> GSI 11 (level, high) -> IRQ 11
[    1.527818] uhci_hcd 0000:00:01.2: UHCI Host Controller
[    1.535492] uhci_hcd 0000:00:01.2: new USB bus registered, assigned bus number 1
[    1.547758] uhci_hcd 0000:00:01.2: irq 11, io base 0x0000c040
[    1.556236] hub 1-0:1.0: USB hub found
[    1.562537] hub 1-0:1.0: 2 ports detected
[    1.569239] usbcore: registered new interface driver libusual
[    1.583708] i8042: PNP: PS/2 Controller [PNP0303:KBD,PNP0f13:MOU] at 0x60,0x64 irq 1,12
[    1.608124] serio: i8042 KBD port at 0x60,0x64 irq 1
[    1.617782] serio: i8042 AUX port at 0x60,0x64 irq 12
[    1.627581] mousedev: PS/2 mouse device common for all mice
[    1.642205] input: AT Translated Set 2 keyboard as /devices/platform/i8042/serio0/input/input1
[    1.657765] rtc_cmos 00:01: RTC can wake from S4
[    1.667131] rtc_cmos 00:01: rtc core: registered rtc_cmos as rtc0
[    1.677175] rtc0: alarms up to one day, 114 bytes nvram
[    1.685384] device-mapper: uevent: version 1.0.3
[    1.693826] device-mapper: ioctl: 4.22.0-ioctl (2011-10-19) initialised: dm-devel@redhat.com
[    1.706588] cpuidle: using governor ladder
[    1.713187] cpuidle: using governor menu
[    1.719637] EFI Variables Facility v0.08 2004-May-17
[    1.727285] TCP cubic registered
[    1.733167] NET: Registered protocol family 10
[    1.741959] NET: Registered protocol family 17
[    1.749000] Registering the dns_resolver key type
[    1.756283] registered taskstats version 1
[    1.765514]   Magic number: 12:852:61
[    1.772388] rtc_cmos 00:01: setting system clock to 2016-04-11 05:05:19 UTC (1460351119)
[    1.785008] BIOS EDD facility v0.16 2004-Jun-25, 0 devices found
[    1.793498] EDD information not available.
[    1.802771] Freeing unused kernel memory: 928k freed
[    1.810601] Write protecting the kernel read-only data: 12288k
[    1.821776] Freeing unused kernel memory: 1596k freed
[    1.831567] Freeing unused kernel memory: 1184k freed

info: initramfs: up at 1.84
GROWROOT: CHANGED: partition=1 start=16065 old: size=64260 end=80325 new: size=2072385,end=2088450
info: initramfs loading root from /dev/vda1
info: /etc/init.d/rc.sysinit: up at 1.95
info: container: none
Starting logging: OK
modprobe: module virtio_blk not found in modules.dep
modprobe: module virtio_net not found in modules.dep
WARN: /etc/rc3.d/S10-load-modules failed
Initializing random number generator... done.
Starting acpid: OK
cirros-ds 'local' up at 2.10
no results found for mode=local. up 2.12. searched: nocloud configdrive ec2
Starting network...
udhcpc (v1.20.1) started
Sending discover...
Sending select for 192.168.99.101...
Lease of 192.168.99.101 obtained, lease time 86400
cirros-ds 'net' up at 2.16
checking http://169.254.169.254/2009-04-04/instance-id
successful after 1/20 tries: up 2.17. iid=i-00000001
failed to get http://169.254.169.254/2009-04-04/user-data
warning: no ec2 metadata for user-data
found datasource (ec2, net)
Starting dropbear sshd: generating rsa key... generating dsa key... OK
/run/cirros/datasource/data/user-data was not '#!' or executable
=== system information ===
Platform: Red Hat OpenStack Compute
Container: none
Arch: x86_64
CPU(s): 1 @ 2893.406 MHz
Cores/Sockets/Threads: 1/1/1
Virt-type: 
RAM Size: 491MB
Disks:
NAME MAJ:MIN       SIZE LABEL         MOUNTPOINT
vda  253:0   1073741824               
vda1 253:1   1061061120 cirros-rootfs /
=== sshd host keys ===
-----BEGIN SSH HOST KEY KEYS-----
ssh-rsa AAAAB3NzaC1yc2EAAAADAQABAAAAgwC4nAGzCnhCTQS++sTY/sfHr40LK9jqHsT9SZ1Bo+9bIaEgBlX2gjwHKUDP5s8NT37BwIoWPXQwEem1/7vvwQN1ZywG4ip6FRlYnmgAH2mbNK3HvQGcyE+9z9H3fwKTEX1xxthenPz1IgrKGVcXqW73oFiBhOQHOepzNqcjdRs/UTrr root@vm1
ssh-dss AAAAB3NzaC1kc3MAAACBAM9el2oAtlUwgXttJ6+/BnMkHSNPMkKeo847RZnDPJuaYU+YRp4/hjsIuEf9HrOEU/PiU3+jYmmTqWnrznKAl/u3w1J3qhFnWhTxjyX5gTDmrcuEOaJOI8N9RqiKSsXKs4Gr2Uzd4kYqHQ9Z5Ubxm/ZrmQfooMpyDzRLpxequDB9AAAAFQC7uzojWHM+OnFhcFD3EcbNiliJKQAAAIEAtvn6bCzGp4UUCuMODlYCwbifoF9uCNLnym2wGToPHiEkGvfkDezp7Nicx+qx+Ei/ORgpJdi7Gf8XHocOKvnsZZPUNcVRIuFistsqblYV5TJgJBppSSAdeqMmuK8rh9m8FxQRUjiqiKPgM+mAr3GDjRG3gL+KZ4ZBy817AMUDAewAAACBAKn3uWzDxyIvqGkwXhM52+31HNI0G0j6+hGa0sEfGwHYJLgrt22rCQYofmDs9/jk8gentKQM7ki+6iDCVTCXjVytuZzGFN57txLd/Cn1DCqcHM+OWU2jHLMQGbx24PAwOwKC386QX156kJSB2HykxsVI6sU/DnY/m/LJdqKFuYAe root@vm1
-----END SSH HOST KEY KEYS-----
=== network info ===
if-info: lo,up,127.0.0.1,8,::1
if-info: eth0,up,192.168.99.101,24,fe80::f816:3eff:fe50:c48d
ip-route:default via 192.168.99.1 dev eth0 
ip-route:192.168.99.0/24 dev eth0  src 192.168.99.101 
=== datasource: ec2 net ===
instance-id: i-00000001
name: N/A
availability-zone: nova
local-hostname: vm1.novalocal
launch-index: 0
=== cirros: current=0.3.4 uptime=4.45 ===
  ____               ____  ____
 / __/ __ ____ ____ / __ \/ __/
/ /__ / // __// __// /_/ /\ \ 
\___//_//_/  /_/   \____/___/ 
   http://cirros-cloud.net


login as 'cirros' user. default password: 'cubswin:)'. use 'sudo' for root.
vm1 login: 